Server running at http://localhost:3030
Resetting limitResetAtMS from 0 to 1754836200576
Decreasing limitResetAtMS from 1754836200576 to 1754836199986
Decreasing limitResetAtMS from 1754836199986 to 1754836198704
Decreasing limitResetAtMS from 1754836198704 to 1754836198149
